// Jest Snapshot v1, https://goo.gl/fbAQLP

exports[`create alice-bobbi module with logging, with fs error (with defaults for Android & iOS) 1`] = `
Array [
  Object {
    "warn": Array [
      "While \`{DEFAULT_PACKAGE_IDENTIFIER}\` is the default package
      identifier, it is recommended to customize the package identifier.",
    ],
  },
  Object {
    "info": Array [
      "CREATE new React Native module with the following options:

  root moduleName: react-native-alice-bobbi
  name: alice-bobbi
  prefix: 
  modulePrefix: react-native
  packageIdentifier: com.reactlibrary
  platforms: android,ios
  githubAccount: github_account
  authorName: Your Name
  authorEmail: yourname@email.com
  authorEmail: yourname@email.com
  license: MIT
  view: false
  useCocoapods: false
  generateExample: false
  exampleName: example
  ",
    ],
  },
  Object {
    "info": Array [
      "CREATE: Generating the React Native library module",
    ],
  },
  Object {
    "ensureDir": "react-native-alice-bobbi",
  },
  Object {
    "error": Array [
      "Error while creating library module react-native-alice-bobbi",
    ],
  },
  Object {
    "error": Array [
      "Error: ENOPERM not permitted
    at Object.ensureDir (.../tests/with-mocks/cli/command/func/with-logging/with-error/cli-command-with-logging-with-error.test.js:16:27)
    at ensureDir (.../lib/lib.js:134:15)
    at generateLibraryModule (.../lib/lib.js:230:10)
    at generateWithOptions (.../lib/lib.js:247:10)
    at createLibraryModule (.../lib/cli-command.js:...
    at Object.func (.../tests/with-mocks/cli/command/func/with-logging/with-error/cli-command-with-logging-with-error.test.js:64:10)
    ",
    ],
  },
]
`;
